../Core/Inc/myComfyPrint.h:19:6:myComfyPrint	16	static
../Core/Src/main.c:120:5:main	2400	static
../Core/Src/main.c:420:6:SystemClock_Config	88	static
../Core/Src/main.c:468:13:MX_I2C1_Init	8	static
../Core/Src/main.c:502:13:MX_TIM3_Init	48	static
../Core/Src/main.c:555:13:MX_USART2_UART_Init	8	static
../Core/Src/main.c:588:13:MX_GPIO_Init	48	static
../Core/Src/main.c:631:6:HAL_GPIO_EXTI_Callback	16	static
../Core/Src/main.c:642:6:task_read_mpu6050	56	static
../Core/Src/main.c:689:6:task_calculate_motor_values	96	static
../Core/Src/main.c:740:6:task_control_motors	24	static
../Core/Src/main.c:774:6:HAL_TIM_PeriodElapsedCallback	16	static
../Core/Src/main.c:791:6:Error_Handler	4	static,ignoring_inline_asm
