../Core/Inc/myComfyPrint.h:19:6:myComfyPrint	16	static
../Core/Src/main.c:90:5:main	2400	static
../Core/Src/main.c:389:6:SystemClock_Config	88	static
../Core/Src/main.c:437:13:MX_I2C1_Init	8	static
../Core/Src/main.c:471:13:MX_TIM3_Init	48	static
../Core/Src/main.c:524:13:MX_USART2_UART_Init	8	static
../Core/Src/main.c:557:13:MX_GPIO_Init	48	static
../Core/Src/main.c:590:6:task_calculate_motor_values	88	static
../Core/Src/main.c:678:6:task_read_mpu6050	120	static
../Core/Src/main.c:704:6:task_motor_control	24	static
../Core/Src/main.c:743:6:HAL_TIM_PeriodElapsedCallback	16	static
../Core/Src/main.c:760:6:Error_Handler	4	static,ignoring_inline_asm
